============================= test session starts =============================
platform win32 -- Python 3.12.10, pytest-8.4.1, pluggy-1.6.0
rootdir: C:\Users\shilo\Documents\GitHub\Gred-Repo-Orchestrator
plugins: anyio-4.10.0, asyncio-1.1.0, cov-6.2.1
asyncio: mode=Mode.STRICT, asyncio_default_fixture_loop_scope=None, asyncio_default_test_loop_scope=function
collected 0 items / 1 error

=================================== ERRORS ====================================
_____________ ERROR collecting tests/test_qwen_payload_guided.py ______________
ImportError while importing test module 'C:\Users\shilo\Documents\GitHub\Gred-Repo-Orchestrator\tests\test_qwen_payload_guided.py'.
Hint: make sure your test modules/packages have valid Python names.
Traceback:
C:\Program Files\WindowsApps\PythonSoftwareFoundation.Python.3.12_3.12.2800.0_x64__qbz5n2kfra8p0\Lib\importlib\__init__.py:90: in import_module
    return _bootstrap._gcd_import(name[level:], package, level)
           ^^^^^^^^^^^^^^^^^^^^^^^^^^^^^^^^^^^^^^^^^^^^^^^^^^^^
tests\test_qwen_payload_guided.py:4: in <module>
    from tests.llm.lm_studio_client import LMStudioClient
E   ModuleNotFoundError: No module named 'tests.llm'
=========================== short test summary info ===========================
ERROR tests/test_qwen_payload_guided.py
!!!!!!!!!!!!!!!!!!! Interrupted: 1 error during collection !!!!!!!!!!!!!!!!!!!!
============================== 1 error in 1.02s ===============================
